[2026-03-12T18:04:36.834Z] Pipeline run — stage: all, limit: 3, dryRun: true — completed in 0.1s
[2026-03-12T18:05:37.454Z] Pipeline run — stage: all, limit: 12, dryRun: false — completed in 0.1s
[2026-03-12T18:05:58.257Z] Pipeline run — stage: write, limit: 3, dryRun: false — completed in 0.0s
[2026-03-12T18:07:54.405Z] Pipeline run — stage: write, limit: 3, dryRun: false — completed in 0.8s
[2026-03-12T18:09:43.620Z] Pipeline run — stage: all, limit: 12, dryRun: false — completed in 3.8s
[2026-03-12T18:19:26.977Z] Pipeline run — stage: all, limit: 12, dryRun: false — completed in 560.0s
[2026-03-12T18:36:57.132Z] Pipeline run — stage: all, limit: 2, dryRun: false — completed in 102.4s
[2026-03-12T18:39:11.086Z] Pipeline run — stage: publish, limit: 1, dryRun: false — completed in 1.3s
[2026-03-12T18:36:51.412Z] Pipeline run — stage: all, limit: 12, dryRun: false — completed in 436.3s
[2026-03-12T23:00:24.613Z] Pipeline run — stage: write, limit: 14, dryRun: false — completed in 292.8s
[2026-03-12T23:05:49.059Z] Pipeline run — stage: write, limit: 14, dryRun: false — completed in 284.8s
[2026-03-12T23:14:58.589Z] Pipeline run — stage: review, limit: 14, dryRun: false — completed in 354.5s
[2026-03-13T23:00:38.122Z] Pipeline run — stage: write, limit: 14, dryRun: false — completed in 202.2s
[2026-03-13T23:04:06.026Z] Pipeline run — stage: write, limit: 14, dryRun: false — completed in 170.3s
[2026-03-14T23:00:23.198Z] Pipeline run — stage: write, limit: 14, dryRun: false — completed in 138.4s
[2026-03-14T23:02:54.584Z] Pipeline run — stage: review, limit: 14, dryRun: false — completed in 270.4s
[2026-03-15T23:00:37.238Z] Pipeline run — stage: write, limit: 14, dryRun: false — completed in 137.2s
[2026-03-15T23:02:59.011Z] Pipeline run — stage: review, limit: 14, dryRun: false — completed in 274.5s
[2026-03-16T23:01:04.274Z] Pipeline run — stage: write, limit: 14, dryRun: false — completed in 200.4s
[2026-03-16T23:04:35.535Z] Pipeline run — stage: write, limit: 14, dryRun: false — completed in 190.6s
